[2 of hearts, 2 of hearts] => 1.0 
[2 of hearts, 4 of spades] => 0.0 
[2 of hearts, 6 of hearts] => 1.0 
[2 of hearts, 7 of hearts] => 1.0 
[2 of hearts, K of hearts] => 1.0 
[2 of hearts, Q of hearts] => 1.0 
[2 of hearts, A of hearts] => 1.0 
[4 of spades, 2 of hearts] => 0.0 
[4 of spades, 4 of spades] => 1.0 
[4 of spades, 6 of hearts] => 0.0 
[4 of spades, 7 of hearts] => 0.0 
[4 of spades, K of hearts] => 1.0 
[4 of spades, Q of hearts] => 1.0 
[4 of spades, A of hearts] => 1.0 
[6 of hearts, 2 of hearts] => 1.0 
[6 of hearts, 4 of spades] => 0.0 
[6 of hearts, 6 of hearts] => 1.0 
[6 of hearts, 7 of hearts] => 1.0 
[6 of hearts, K of hearts] => 1.0 
[6 of hearts, Q of hearts] => 1.0 
[6 of hearts, A of hearts] => 1.0 
[7 of hearts, 2 of hearts] => 1.0 
[7 of hearts, 4 of spades] => 0.0 
[7 of hearts, 6 of hearts] => 1.0 
[7 of hearts, 7 of hearts] => 1.0 
[7 of hearts, K of hearts] => 1.0 
[7 of hearts, Q of hearts] => 1.0 
[7 of hearts, A of hearts] => 1.0 
[K of hearts, 2 of hearts] => 1.0 
[K of hearts, 4 of spades] => 1.0 
[K of hearts, 6 of hearts] => 1.0 
[K of hearts, 7 of hearts] => 1.0 
[K of hearts, K of hearts] => 1.0 
[K of hearts, Q of hearts] => 1.0 
[K of hearts, A of hearts] => 1.0 
[Q of hearts, 2 of hearts] => 1.0 
[Q of hearts, 4 of spades] => 1.0 
[Q of hearts, 6 of hearts] => 1.0 
[Q of hearts, 7 of hearts] => 1.0 
[Q of hearts, K of hearts] => 1.0 
[Q of hearts, Q of hearts] => 1.0 
[Q of hearts, A of hearts] => 1.0 
[A of hearts, 2 of hearts] => 1.0 
[A of hearts, 4 of spades] => 1.0 
[A of hearts, 6 of hearts] => 1.0 
[A of hearts, 7 of hearts] => 1.0 
[A of hearts, K of hearts] => 1.0 
[A of hearts, Q of hearts] => 1.0 
[A of hearts, A of hearts] => 1.0 
